// Jest Snapshot v1, https://goo.gl/fbAQLP

exports[`<Button /> Snapshot is correct 1`] = `
<div
  className="loading"
>
  <div />
  <div />
  <div />
  <div />
</div>
`;

exports[`<Loader /> Snapshot is correct 1`] = `
<div
  className="loading"
>
  <div />
  <div />
  <div />
  <div />
</div>
`;
