// Jest Snapshot v1, https://goo.gl/fbAQLP

exports[`<CustomTableHead /> Snapshot is correct 1`] = `
<thead
  className="MuiTableHead-root"
  role={null}
>
  <tr
    className="MuiTableRow-root MuiTableRow-head"
    role={null}
  >
    <th
      aria-sort={null}
      className="MuiTableCell-root MuiTableCell-head MuiTableCell-alignCenter"
      scope="col"
      width={20}
    >
      first
    </th>
    <th
      aria-sort={null}
      className="MuiTableCell-root MuiTableCell-head MuiTableCell-alignCenter"
      scope="col"
      width={60}
    >
      second
    </th>
  </tr>
</thead>
`;
